#-----------------------------------------------------------
# Vivado v2024.1.2 (64-bit)
# SW Build 5164865 on Thu Sep  5 14:37:11 MDT 2024
# IP Build 5164407 on Fri Sep  6 08:18:11 MDT 2024
# SharedData Build 5164864 on Thu Sep 05 13:09:09 MDT 2024
# Start of session at: Wed Nov  6 22:17:54 2024
# Process ID: 32600
# Current directory: Z:/AMD_FPGA/LED_1/LED_1.runs/impl_1
# Command line: vivado.exe -log flash_led.vdi -applog -product Vivado -messageDb vivado.pb -mode batch -source flash_led.tcl -notrace
# Log file: Z:/AMD_FPGA/LED_1/LED_1.runs/impl_1/flash_led.vdi
# Journal file: Z:/AMD_FPGA/LED_1/LED_1.runs/impl_1\vivado.jou
# Running On        :Anivice_G15
# Platform          :Windows Server 2016 or Windows 10
# Operating System  :26120
# Processor Detail  :11th Gen Intel(R) Core(TM) i7-11800H @ 2.30GHz
# CPU Frequency     :2304 MHz
# CPU Physical cores:8
# CPU Logical cores :16
# Host memory       :34077 MB
# Swap memory       :7247 MB
# Total Virtual     :41325 MB
# Available Virtual :13914 MB
#-----------------------------------------------------------
source flash_led.tcl -notrace
